WARNING: test<>: substituting chp model (requested prs, not found)
[                 140] <>  WARNING: Boolean variable `a[0]' is X
[                 140] <>  WARNING: Boolean variable `a[1]' is X
[                 140] <>  WARNING: Boolean variable `a[2]' is X
[                 140] <>  WARNING: Boolean variable `a[3]' is X
[                 161] <t.o.latch_x_0.pulse_generator.invs[0]>  WARNING: weak-interference on `Y'
[                 161] <t.o.latch_x_0.pulse_generator.and>  WARNING: weak-interference on `_Y'
[                 161] <t.o.latch_x_0.capture_delay.invs[0]>  WARNING: weak-interference on `Y'
[                 162] <t.o.latch_x_0.pulse_generator.invs[1]>  WARNING: weak-interference on `Y'
[                 162] <t.o.latch_x_0.capture_delay.invs[1]>  WARNING: weak-interference on `Y'
[                 162] <t.o.latch_x_0.pulse_generator.and>  WARNING: weak-interference on `Y'
[                 163] <t.o.latch_x_0.capture_delay.invs[2]>  WARNING: weak-interference on `Y'
[                 163] <t.o.latch_x_0.fanout_tree>  WARNING: weak-interference on `_out'
[                 163] <t.o.latch_x_0.pulse_generator.invs[2]>  WARNING: weak-interference on `Y'
[                 164] <t.o.latch_x_0.fanout_tree>  WARNING: weak-interference on `out[0]'
[                 164] <t.o.latch_x_0.pulse_generator.invs[3]>  WARNING: weak-interference on `Y'
[                 164] <t.o.latch_x_0.capture_delay.invs[3]>  WARNING: weak-interference on `Y'
[                 165] <t.o.latch_x_0.pulse_generator.invs[4]>  WARNING: weak-interference on `Y'
[                 165] <t.o.latch_x_0.capture_delay.invs[4]>  WARNING: weak-interference on `Y'
[                 165] <t.o.latch_x_0.x[3]>  WARNING: weak-interference on `_clk'
[                 165] <t.o.latch_x_0.x[3]>  WARNING: weak-interference on `_q'
[                 165] <t.o.latch_x_0.x[1]>  WARNING: weak-interference on `_clk'
[                 165] <t.o.latch_x_0.x[1]>  WARNING: weak-interference on `_q'
[                 165] <t.o.latch_x_0.x[2]>  WARNING: weak-interference on `_clk'
[                 165] <t.o.latch_x_0.x[2]>  WARNING: weak-interference on `_q'
[                 165] <t.o.latch_x_0.x[0]>  WARNING: weak-interference on `_clk'
[                 165] <t.o.latch_x_0.x[0]>  WARNING: weak-interference on `_q'
[                 166] <t.o.latch_x_0.capture_delay.invs[5]>  WARNING: weak-interference on `Y'
[                 166] <t.o.latch_x_0.x[1]>  WARNING: weak-interference on `_q'
[                 166] <t.o.latch_x_0.x[2]>  WARNING: weak-interference on `_q'
[                 166] <t.o.latch_x_0.pulse_generator.invs[5]>  WARNING: weak-interference on `Y'
[                 166] <t.o.latch_x_0.x[3]>  WARNING: weak-interference on `_q'
[                 166] <t.o.latch_x_0.x[0]>  WARNING: weak-interference on `_q'
[                 167] <t.o.latch_x_0.capture_delay.invs[6]>  WARNING: weak-interference on `Y'
[                 167] <t.o.latch_x_0.pulse_generator.invs[6]>  WARNING: weak-interference on `Y'
[                 168] <t.o.latch_x_0.capture_delay.invs[7]>  WARNING: weak-interference on `Y'
[                 168] <t.o.latch_x_0.pulse_generator.invs[7]>  WARNING: weak-interference on `Y'
[                 169] <t.o.latch_x_0.capture_delay.invs[8]>  WARNING: weak-interference on `Y'
[                 169] <t.o.latch_x_0.pulse_generator.invs[8]>  WARNING: weak-interference on `Y'
[                 170] <t.o.latch_x_0.capture_delay.invs[9]>  WARNING: weak-interference on `Y'
[                 170] <t.o.latch_x_0.pulse_generator.invs[9]>  WARNING: weak-interference on `Y'
[                 171] <t.o.block_1.c_itb>  WARNING: weak-interference on `tmp[2]'
[                 171] <t.o.latch_x_0.pulse_generator.invs[10]>  WARNING: weak-interference on `Y'
[                 172] <t.o.block_1.c_itb>  WARNING: weak-interference on `out'
[                 172] <t.o.latch_x_0.pulse_generator.invs[11]>  WARNING: weak-interference on `Y'
[                 173] <t.o.block_1.nor_reset>  WARNING: weak-interference on `Y'
[                 173] <t.o.latch_x_0.pulse_generator.invs[12]>  WARNING: weak-interference on `Y'
[                 174] <t.o.block_2.m1_inv>  WARNING: weak-interference on `out'
[                 174] <t.o.latch_x_0.pulse_generator.and>  WARNING: weak-interference on `_Y'
[                 175] <t.o.block_2>  WARNING: weak-interference on `m1.a'
[                 260] <t.o.latch_x_0.x[2]>  WARNING: weak-interference on `_q'
[                 260] <t.o.latch_x_0.x[0]>  WARNING: weak-interference on `_q'
[                 260] <>  WARNING: Boolean variable `a[1]' is X
[                 260] <>  WARNING: Boolean variable `a[3]' is X
[                 270] <t.o.latch_x_0.x[3]>  WARNING: weak-interference on `_q'
[                 270] <>  WARNING: Boolean variable `a[1]' is X
[                 270] <t.o.latch_x_0.x[1]>  WARNING: weak-interference on `_q'
[                 270] <>  SUCCESS
