WARNING: test<>: substituting chp model (requested prs, not found)
[                1050] <>  WARNING: Boolean variable `a[0]' is X
[                1050] <>  WARNING: Boolean variable `a[1]' is X
[                1050] <>  WARNING: Boolean variable `a[2]' is X
[                1050] <>  WARNING: Boolean variable `a[3]' is X
[                1050] <>  WARNING: Boolean variable `a[4]' is X
[                1050] <>  WARNING: Boolean variable `a[5]' is X
[                1050] <>  WARNING: Boolean variable `a[6]' is X
[                1050] <>  WARNING: Boolean variable `a[7]' is X
[                1150] <t.m.inst_2._passthru_.g040>  WARNING: weak-interference on `Y'
[                1150] <t.m.inst_2._passthru_.g063>  WARNING: weak-interference on `Y'
[                1150] <t.m.inst_2._passthru_.g094>  WARNING: weak-interference on `Y'
[                1150] <t.m.inst_2._passthru_.g119>  WARNING: weak-interference on `Y'
[                1150] <t.m.inst_2._passthru_.g007>  WARNING: weak-interference on `Y'
[                1150] <t.m.inst_2._passthru_.g018>  WARNING: weak-interference on `Y'
[                1150] <t.m.inst_2._passthru_.g039>  WARNING: weak-interference on `Y'
[                1150] <t.m.inst_2._passthru_.g102>  WARNING: weak-interference on `Y'
[                1150] <t.m.inst_2._passthru_.g002>  WARNING: weak-interference on `Y'
[                1150] <t.m.inst_2._passthru_.g074>  WARNING: weak-interference on `Y'
[                1150] <t.m.inst_2._passthru_.g027>  WARNING: weak-interference on `Y'
[                1150] <t.m.inst_2._passthru_.g012>  WARNING: weak-interference on `Y'
[                1150] <t.m.inst_2._passthru_.g013>  WARNING: weak-interference on `Y'
[                1150] <t.m.inst_2._passthru_.g047>  WARNING: weak-interference on `Y'
[                1150] <t.m.inst_2._passthru_.g118>  WARNING: weak-interference on `Y'
[                1150] <t.m.inst_2._passthru_.g000>  WARNING: weak-interference on `_Y'
[                1150] <t.m.inst_2._passthru_.g073>  WARNING: weak-interference on `Y'
[                1170] <t.m.inst_2._passthru_.g061>  WARNING: weak-interference on `Y'
[                1170] <t.m.inst_2._passthru_.g084>  WARNING: weak-interference on `Y'
[                1170] <t.m.inst_2._passthru_.g110>  WARNING: weak-interference on `Y'
[                1170] <t.m.inst_2._passthru_.g005>  WARNING: weak-interference on `Y'
[                1170] <t.m.inst_2._passthru_.g071>  WARNING: weak-interference on `Y'
[                1170] <t.m.inst_2._passthru_.g070>  WARNING: weak-interference on `Y'
[                1170] <t.m.inst_2._passthru_.g122>  WARNING: weak-interference on `Y'
[                1170] <t.m.inst_2._passthru_.g025>  WARNING: weak-interference on `Y'
[                1170] <t.m.inst_2._passthru_.g081>  WARNING: weak-interference on `Y'
[                1170] <t.m.inst_2._passthru_.g092>  WARNING: weak-interference on `Y'
[                1170] <t.m.inst_2._passthru_.g044>  WARNING: weak-interference on `Y'
[                1170] <t.m.inst_2._passthru_.g053>  WARNING: weak-interference on `Y'
[                1170] <t.m.inst_2._passthru_.g116>  WARNING: weak-interference on `Y'
[                1170] <t.m.inst_2._passthru_.g038>  WARNING: weak-interference on `Y'
[                1170] <t.m.inst_2._passthru_.g110>  WARNING: weak-interference on `Y'
[                1170] <t.m.inst_2._passthru_.g100>  WARNING: weak-interference on `Y'
[                1170] <t.m.inst_2._passthru_.g022>  WARNING: weak-interference on `Y'
[                1170] <t.m.inst_2._passthru_.g087>  WARNING: weak-interference on `Y'
[                1170] <t.m.inst_2._passthru_.g116>  WARNING: weak-interference on `Y'
[                1170] <t.m.inst_2._passthru_.g058>  WARNING: weak-interference on `Y'
[                1170] <t.m.inst_2._passthru_.g122>  WARNING: weak-interference on `Y'
[                1170] <t.m.inst_2._passthru_.g033>  WARNING: weak-interference on `Y'
[                1170] <t.m.inst_2._passthru_.g128>  WARNING: weak-interference on `Y'
[                1170] <t.m.inst_2._passthru_.g126>  WARNING: weak-interference on `Y'
[                1170] <t.m.inst_2._passthru_.g008>  WARNING: weak-interference on `_Y'
[                1170] <t.m.inst_2._passthru_.g117>  WARNING: weak-interference on `Y'
[                1180] <t.m.inst_2._passthru_.g014>  WARNING: weak-interference on `Y'
[                1180] <t.m.inst_2._passthru_.g011>  WARNING: weak-interference on `Y'
[                1180] <t.m.inst_2._passthru_.g117>  WARNING: weak-interference on `Y'
[                1180] <t.m.inst_2._passthru_.g044>  WARNING: weak-interference on `Y'
[                1180] <t.m.inst_2._passthru_.g092>  WARNING: weak-interference on `Y'
[                1180] <t.m.inst_2._passthru_.g061>  WARNING: weak-interference on `Y'
[                1180] <t.m.inst_2._passthru_.g016>  WARNING: weak-interference on `Y'
[                1180] <t.m.inst_2._passthru_.g127>  WARNING: weak-interference on `Y'
[                1180] <t.m.inst_2._passthru_.g079>  WARNING: weak-interference on `Y'
[                1180] <t.m.inst_2._passthru_.g005>  WARNING: weak-interference on `Y'
[                1180] <t.m.inst_2._passthru_.g071>  WARNING: weak-interference on `Y'
[                1180] <t.m.inst_2._passthru_.g122>  WARNING: weak-interference on `Y'
[                1180] <t.m.inst_2._passthru_.g116>  WARNING: weak-interference on `Y'
[                1180] <t.m.inst_2._passthru_.g087>  WARNING: weak-interference on `Y'
[                1180] <t.m.inst_2._passthru_.g100>  WARNING: weak-interference on `Y'
[                1180] <t.m.inst_2._passthru_.g025>  WARNING: weak-interference on `Y'
[                1180] <t.m.inst_2._passthru_.g089>  WARNING: weak-interference on `Y'
[                1180] <t.m.inst_2._passthru_.g087>  WARNING: weak-interference on `Y'
[                1180] <t.m.inst_2._passthru_.g041>  WARNING: weak-interference on `Y'
[                1180] <t.m.inst_2._passthru_.g022>  WARNING: weak-interference on `Y'
[                1190] <t.m.inst_2._passthru_.g042>  WARNING: weak-interference on `Y'
[                1190] <t.m.inst_2._passthru_.g054>  WARNING: weak-interference on `Y'
[                1190] <t.m.inst_2._passthru_.g062>  WARNING: weak-interference on `Y'
[                1190] <t.m.inst_2._passthru_.g062>  WARNING: weak-interference on `Y'
[                1190] <t.m.inst_2._passthru_.g026>  WARNING: weak-interference on `Y'
[                1190] <t.m.inst_2._passthru_.g017>  WARNING: weak-interference on `Y'
[                1190] <t.m.inst_2._passthru_.g016>  WARNING: weak-interference on `Y'
[                1190] <t.m.inst_2._passthru_.g041>  WARNING: weak-interference on `Y'
[                1190] <t.m.inst_2._passthru_.g111>  WARNING: weak-interference on `Y'
[                1190] <t.m.inst_2._passthru_.g117>  WARNING: weak-interference on `Y'
[                1190] <t.m.inst_2._passthru_.g089>  WARNING: weak-interference on `Y'
[                1190] <t.m.inst_2._passthru_.g123>  WARNING: weak-interference on `Y'
[                1200] <t.m.inst_2._passthru_.g067>  WARNING: weak-interference on `Y'
[                1200] <t.m.inst_2._passthru_.g042>  WARNING: weak-interference on `Y'
[                1200] <t.m.inst_2._passthru_.g062>  WARNING: weak-interference on `Y'
[                1200] <t.m.inst_2._passthru_.g046>  WARNING: weak-interference on `Y'
[                1200] <t.m.inst_2._passthru_.g129>  WARNING: weak-interference on `Y'
[                1200] <t.m.inst_2._passthru_.g093>  WARNING: weak-interference on `Y'
[                1200] <t.m.inst_2._passthru_.g026>  WARNING: weak-interference on `Y'
[                1200] <t.m.inst_2._passthru_.g123>  WARNING: weak-interference on `Y'
[                1200] <t.m.inst_2._passthru_.g111>  WARNING: weak-interference on `Y'
[                1210] <t.m.inst_2._passthru_.g067>  WARNING: weak-interference on `Y'
[                1210] <t.m.inst_2._passthru_.g125>  WARNING: weak-interference on `Y'
[                1210] <t.m.inst_2._passthru_.g046>  WARNING: weak-interference on `Y'
[                1210] <t.m.inst_2._passthru_.g129>  WARNING: weak-interference on `Y'
[                1210] <t.m.inst_2._passthru_.g065>  WARNING: weak-interference on `Y'
[                1210] <t.m.inst_2._passthru_.g093>  WARNING: weak-interference on `Y'
[                1220] <t.m.inst_2._passthru_.g130>  WARNING: weak-interference on `Y'
[                1220] <t.m.inst_2._passthru_.g080>  WARNING: weak-interference on `Y'
[                1220] <t.m.inst_2._passthru_.g096>  WARNING: weak-interference on `Y'
[                1220] <t.m.inst_2._passthru_.g125>  WARNING: weak-interference on `Y'
[                1220] <t.m.inst_2._passthru_.g072>  WARNING: weak-interference on `Y'
[                1220] <t.m.inst_2._passthru_.g065>  WARNING: weak-interference on `Y'
[                1230] <t.m.inst_2._passthru_.g072>  WARNING: weak-interference on `Y'
[                1230] <t.m.inst_2._passthru_.g130>  WARNING: weak-interference on `Y'
[                1230] <t.m.inst_2._passthru_.g101>  WARNING: weak-interference on `Y'
[                1230] <t.m.inst_2._passthru_.g108>  WARNING: weak-interference on `Y'
[                1230] <t.m.inst_2._passthru_.g095>  WARNING: weak-interference on `Y'
[                1230] <t.m.inst_2._passthru_.g097>  WARNING: weak-interference on `Y'
[                1240] <t.m.inst_2._passthru_.g097>  WARNING: weak-interference on `Y'
[                1240] <t.m.inst_2._passthru_.g095>  WARNING: weak-interference on `Y'
[                1240] <t.m.inst_2._passthru_.g111>  WARNING: weak-interference on `Y'
[                1240] <t.m.inst_2._passthru_.g101>  WARNING: weak-interference on `Y'
[                1250] <t.m.inst_2._passthru_.g131>  WARNING: weak-interference on `Y'
[                1260] <t.m.inst_2._passthru_.g131>  WARNING: weak-interference on `Y'
[                1260] <t.m.inst_2._passthru_.g112>  WARNING: weak-interference on `Y'
[                1270] <t.m.inst_2._passthru_.g013>  WARNING: weak-interference on `Y'
[                1270] <t.m.inst_2._passthru_.g112>  WARNING: weak-interference on `Y'
[                1280] <t.m.inst_2._passthru_.g041>  WARNING: weak-interference on `Y'
[                1290] <t.m.inst_2._passthru_.g015>  WARNING: weak-interference on `Y'
[                1290] <t.o.latch_x_0.x[0]>  WARNING: weak-interference on `_q'
[                1290] <t.m.inst_2._passthru_.g123>  WARNING: weak-interference on `Y'
[                1290] <>  WARNING: Boolean variable `a[1]' is X
[                1290] <>  WARNING: Boolean variable `a[2]' is X
[                1290] <>  WARNING: Boolean variable `a[3]' is X
[                1290] <>  WARNING: Boolean variable `a[4]' is X
[                1290] <>  WARNING: Boolean variable `a[5]' is X
[                1290] <>  WARNING: Boolean variable `a[6]' is X
[                1290] <>  WARNING: Boolean variable `a[7]' is X
[                1290] <t.m.inst_2._passthru_.g078>  WARNING: weak-interference on `Y'
[                1290] <t.m.inst_2._passthru_.g049>  WARNING: weak-interference on `Y'
[                1290] <t.m.inst_2._passthru_.g104>  WARNING: weak-interference on `Y'
[                1290] <t.m.inst_2._passthru_.g105>  WARNING: weak-interference on `Y'
[                1290] <t.m.inst_2._passthru_.g075>  WARNING: weak-interference on `Y'
[                1290] <t.m.inst_2._passthru_.g124>  WARNING: weak-interference on `Y'
[                1290] <t.m.inst_2._passthru_.g029>  WARNING: weak-interference on `Y'
[                1290] <t.m.inst_2._passthru_.g032>  WARNING: weak-interference on `Y'
[                1300] <t.m.inst_2._passthru_.g049>  WARNING: weak-interference on `Y'
[                1300] <t.m.inst_2._passthru_.g042>  WARNING: weak-interference on `Y'
[                1300] <t.m.inst_2._passthru_.g076>  WARNING: weak-interference on `Y'
[                1300] <t.m.inst_2._passthru_.g052>  WARNING: weak-interference on `Y'
[                1300] <t.o.latch_x_0.x[1]>  WARNING: weak-interference on `_q'
[                1300] <>  WARNING: Boolean variable `a[2]' is X
[                1300] <>  WARNING: Boolean variable `a[3]' is X
[                1300] <>  WARNING: Boolean variable `a[4]' is X
[                1300] <>  WARNING: Boolean variable `a[5]' is X
[                1300] <>  WARNING: Boolean variable `a[6]' is X
[                1300] <>  WARNING: Boolean variable `a[7]' is X
[                1300] <t.m.inst_2._passthru_.g029>  WARNING: weak-interference on `Y'
[                1300] <t.m.inst_2._passthru_.g105>  WARNING: weak-interference on `Y'
[                1300] <t.m.inst_2._passthru_.g107>  WARNING: weak-interference on `Y'
[                1300] <t.m.inst_2._passthru_.g097>  WARNING: weak-interference on `Y'
[                1300] <t.m.inst_2._passthru_.g075>  WARNING: weak-interference on `Y'
[                1300] <t.m.inst_2._passthru_.g124>  WARNING: weak-interference on `Y'
[                1310] <t.m.inst_2._passthru_.g124>  WARNING: weak-interference on `Y'
[                1310] <t.m.inst_2._passthru_.g050>  WARNING: weak-interference on `Y'
[                1310] <t.m.inst_2._passthru_.g026>  WARNING: weak-interference on `Y'
[                1310] <t.m.inst_2._passthru_.g071>  WARNING: weak-interference on `Y'
[                1330] <t.m.inst_2._passthru_.g030>  WARNING: weak-interference on `Y'
[                1330] <t.m.inst_2._passthru_.g031>  WARNING: weak-interference on `Y'
[                1330] <t.m.inst_2._passthru_.g032>  WARNING: weak-interference on `Y'
[                1330] <t.m.inst_2._passthru_.g125>  WARNING: weak-interference on `Y'
[                1330] <t.m.inst_2._passthru_.g101>  WARNING: weak-interference on `Y'
[                1340] <t.m.inst_2._passthru_.g049>  WARNING: weak-interference on `Y'
[                1340] <t.m.inst_2._passthru_.g075>  WARNING: weak-interference on `Y'
[                1340] <t.m.inst_2._passthru_.g031>  WARNING: weak-interference on `Y'
[                1340] <t.o.latch_x_0.x[2]>  WARNING: weak-interference on `_q'
[                1340] <>  WARNING: Boolean variable `a[3]' is X
[                1340] <>  WARNING: Boolean variable `a[4]' is X
[                1340] <>  WARNING: Boolean variable `a[5]' is X
[                1340] <>  WARNING: Boolean variable `a[6]' is X
[                1340] <>  WARNING: Boolean variable `a[7]' is X
[                1350] <t.m.inst_2._passthru_.g131>  WARNING: weak-interference on `Y'
[                1350] <t.o.latch_x_0.x[3]>  WARNING: weak-interference on `_q'
[                1350] <>  WARNING: Boolean variable `a[4]' is X
[                1350] <>  WARNING: Boolean variable `a[5]' is X
[                1350] <>  WARNING: Boolean variable `a[6]' is X
[                1350] <>  WARNING: Boolean variable `a[7]' is X
[                1350] <t.m.inst_2._passthru_.g105>  WARNING: weak-interference on `Y'
[                1360] <t.m.inst_2._passthru_.g051>  WARNING: weak-interference on `Y'
[                1360] <t.m.inst_2._passthru_.g077>  WARNING: weak-interference on `Y'
[                1370] <t.m.inst_2._passthru_.g077>  WARNING: weak-interference on `Y'
[                1370] <t.m.inst_2._passthru_.g106>  WARNING: weak-interference on `Y'
[                1370] <t.o.latch_x_0.x[4]>  WARNING: weak-interference on `_q'
[                1370] <t.m.inst_2._passthru_.g132>  WARNING: weak-interference on `Y'
[                1370] <>  WARNING: Boolean variable `a[5]' is X
[                1370] <>  WARNING: Boolean variable `a[6]' is X
[                1370] <>  WARNING: Boolean variable `a[7]' is X
[                1370] <>  SUCCESS
[                1380] <t.m.inst_2._passthru_.g106>  WARNING: weak-interference on `Y'
[                1380] <t.m.inst_2._passthru_.g106>  WARNING: weak-interference on `Y'
[                1380] <t.o.latch_x_0.x[5]>  WARNING: weak-interference on `_q'
[                1380] <t.m.inst_2._passthru_.g132>  WARNING: weak-interference on `Y'
[                1380] <t.m.inst_2._passthru_.g132>  WARNING: weak-interference on `Y'
[                1400] <t.o.latch_x_0.x[6]>  WARNING: weak-interference on `_q'
[                1400] <t.o.latch_x_0.x[7]>  WARNING: weak-interference on `_q'
